// Jest Snapshot v1, https://goo.gl/fbAQLP

exports[`PHP metrics tests parsing PHP dependencies should calculate the right dependencies and coupling metrics 1`] = `
Object {
  "metrics": Map {
    "AnotherController.php" => Object {
      "coupling_between_objects": 4,
      "incoming_dependencies": 0,
      "instability": 1,
      "outgoing_dependencies": 4,
    },
    "AnotherControllerInterface.php" => Object {
      "coupling_between_objects": 1,
      "incoming_dependencies": 1,
      "instability": 0,
      "outgoing_dependencies": 0,
    },
    "BlubController.php" => Object {
      "coupling_between_objects": 5,
      "incoming_dependencies": 2,
      "instability": 0.6,
      "outgoing_dependencies": 3,
    },
    "ControllerInterface.php" => Object {
      "coupling_between_objects": 3,
      "incoming_dependencies": 3,
      "instability": 0,
      "outgoing_dependencies": 0,
    },
    "FastControllerInterface.php" => Object {
      "coupling_between_objects": 3,
      "incoming_dependencies": 1,
      "instability": 0.6666666666666666,
      "outgoing_dependencies": 2,
    },
    "Library\\\\Helper.php" => Object {
      "coupling_between_objects": 4,
      "incoming_dependencies": 3,
      "instability": 0.25,
      "outgoing_dependencies": 1,
    },
    "Library\\\\HelperOutput.php" => Object {
      "coupling_between_objects": 2,
      "incoming_dependencies": 1,
      "instability": 0.5,
      "outgoing_dependencies": 1,
    },
  },
  "relationships": Array [
    Object {
      "fromClassName": "AnotherControllerInterface",
      "fromNamespace": "App\\\\FastControllerInterface",
      "fromSource": "FastControllerInterface.php",
      "toClassName": "AnotherControllerInterface",
      "toNamespace": "App\\\\AnotherControllerInterface",
      "toSource": "AnotherControllerInterface.php",
      "usageType": "implements",
    },
    Object {
      "fromClassName": "ControllerInterface",
      "fromNamespace": "App\\\\CouplingExamplesOne\\\\AnotherControllerOne",
      "fromSource": "AnotherController.php",
      "toClassName": "ControllerInterface",
      "toNamespace": "App\\\\ControllerInterface",
      "toSource": "ControllerInterface.php",
      "usageType": "implements",
    },
    Object {
      "fromClassName": "ControllerInterface",
      "fromNamespace": "App\\\\CouplingExamplesOne\\\\BlubControllerOne1",
      "fromSource": "BlubController.php",
      "toClassName": "ControllerInterface",
      "toNamespace": "App\\\\ControllerInterface",
      "toSource": "ControllerInterface.php",
      "usageType": "implements",
    },
    Object {
      "fromClassName": "ControllerInterface",
      "fromNamespace": "App\\\\FastControllerInterface",
      "fromSource": "FastControllerInterface.php",
      "toClassName": "ControllerInterface",
      "toNamespace": "App\\\\ControllerInterface",
      "toSource": "ControllerInterface.php",
      "usageType": "implements",
    },
    Object {
      "fromClassName": "BlubControllerOne1",
      "fromNamespace": "App\\\\CouplingExamplesOne\\\\AnotherControllerOne",
      "fromSource": "AnotherController.php",
      "toClassName": "BlubControllerOne1",
      "toNamespace": "App\\\\CouplingExamplesOne\\\\BlubControllerOne1",
      "toSource": "BlubController.php",
      "usageType": "extends",
    },
    Object {
      "fromClassName": "BlubControllerOne1",
      "fromNamespace": "App\\\\CouplingExamplesTwo\\\\BlubControllerTwo1",
      "fromSource": "BlubController.php",
      "toClassName": "BlubControllerOne1",
      "toNamespace": "App\\\\CouplingExamplesOne\\\\BlubControllerOne1",
      "toSource": "BlubController.php",
      "usageType": "extends",
    },
    Object {
      "fromClassName": "Helper",
      "fromNamespace": "App\\\\CouplingExamplesOne\\\\AnotherControllerOne",
      "fromSource": "AnotherController.php",
      "toClassName": "Helper",
      "toNamespace": "App\\\\CouplingExamples\\\\Library\\\\Helper",
      "toSource": "Library\\\\Helper.php",
      "usageType": "usage",
    },
    Object {
      "fromClassName": "Helper",
      "fromNamespace": "App\\\\CouplingExamplesOne\\\\BlubControllerOne1",
      "fromSource": "BlubController.php",
      "toClassName": "Helper",
      "toNamespace": "App\\\\CouplingExamples\\\\Library\\\\Helper",
      "toSource": "Library\\\\Helper.php",
      "usageType": "usage",
    },
    Object {
      "fromClassName": "Helper",
      "fromNamespace": "App\\\\CouplingExamples\\\\Library\\\\HelperOutput",
      "fromSource": "Library\\\\HelperOutput.php",
      "toClassName": "Helper",
      "toNamespace": "App\\\\CouplingExamples\\\\Library\\\\Helper",
      "toSource": "Library\\\\Helper.php",
      "usageType": "usage",
    },
    Object {
      "fromClassName": "HelperOutput",
      "fromNamespace": "App\\\\CouplingExamples\\\\Library\\\\Helper",
      "fromSource": "Library\\\\Helper.php",
      "toClassName": "HelperOutput",
      "toNamespace": "App\\\\CouplingExamples\\\\Library\\\\HelperOutput",
      "toSource": "Library\\\\HelperOutput.php",
      "usageType": "usage",
    },
    Object {
      "fromClassName": "FastControllerInterface",
      "fromNamespace": "App\\\\CouplingExamplesOne\\\\AnotherControllerOne",
      "fromSource": "AnotherController.php",
      "toClassName": "FastControllerInterface",
      "toNamespace": "App\\\\FastControllerInterface",
      "toSource": "FastControllerInterface.php",
      "usageType": "implements",
    },
  ],
}
`;
