// Vitest Snapshot v1, https://vitest.dev/guide/snapshot.html

exports[`CallExpressionResolver > resolves call expressions and retrieves additional and transitive relationships > when call expressions with save calls, public accessors and the right dependencies are given 1`] = `
[
  {
    "fromFQTN": "FirstItemNamespace.FirstItem",
    "fromFile": "FirstItem",
    "fromTypeName": "ThirdItem",
    "toFQTN": "ThirdItemNamespace.ThirdItem",
    "toFile": "ThirdItem",
    "toTypeName": "ThirdItem",
    "usageType": "usage",
  },
  {
    "fromFQTN": "FirstItemNamespace.FirstItem",
    "fromFile": "FirstItem",
    "fromTypeName": "FourthItem",
    "toFQTN": "FourthItemNamespace.FourthItem",
    "toFile": "FourthItem",
    "toTypeName": "FourthItem",
    "usageType": "usage",
  },
]
`;
