// Jest Snapshot v1, https://goo.gl/fbAQLP

exports[`GenericParser parsing C# dependencies should calculate the right dependencies and coupling metrics 1`] = `
Object {
  "metrics": Map {
    "C:\\\\Users\\\\CedrikB\\\\projects\\\\node-parser\\\\resources\\\\c-sharp\\\\coupling-examples\\\\BlubController.cs" => Object {
      "coupling_between_objects": 9,
      "incoming_dependencies": 7,
      "instability": 0.2222222222222222,
      "outgoing_dependencies": 2,
    },
    "C:\\\\Users\\\\CedrikB\\\\projects\\\\node-parser\\\\resources\\\\c-sharp\\\\coupling-examples\\\\Library\\\\FunctionCalls.cs" => Object {
      "coupling_between_objects": 7,
      "incoming_dependencies": 3,
      "instability": 0.5714285714285714,
      "outgoing_dependencies": 4,
    },
    "C:\\\\Users\\\\CedrikB\\\\projects\\\\node-parser\\\\resources\\\\c-sharp\\\\coupling-examples\\\\Library\\\\ParameterTypes.cs" => Object {
      "coupling_between_objects": 4,
      "incoming_dependencies": 2,
      "instability": 0.5,
      "outgoing_dependencies": 2,
    },
    "C:\\\\Users\\\\CedrikB\\\\projects\\\\node-parser\\\\resources\\\\c-sharp\\\\coupling-examples\\\\Library\\\\IParameterTypes.cs" => Object {
      "coupling_between_objects": 2,
      "incoming_dependencies": 1,
      "instability": 0.5,
      "outgoing_dependencies": 1,
    },
    "C:\\\\Users\\\\CedrikB\\\\projects\\\\node-parser\\\\resources\\\\c-sharp\\\\coupling-examples\\\\Library\\\\IAnotherParameterTypes.cs" => Object {
      "coupling_between_objects": 1,
      "incoming_dependencies": 1,
      "instability": 0,
      "outgoing_dependencies": 0,
    },
    "C:\\\\Users\\\\CedrikB\\\\projects\\\\node-parser\\\\resources\\\\c-sharp\\\\coupling-examples\\\\Library\\\\ObjectCreations.cs" => Object {
      "coupling_between_objects": 5,
      "incoming_dependencies": 1,
      "instability": 0.8,
      "outgoing_dependencies": 4,
    },
    "C:\\\\Users\\\\CedrikB\\\\projects\\\\node-parser\\\\resources\\\\c-sharp\\\\coupling-examples\\\\Library\\\\ParameterTypesSpecialized.cs" => Object {
      "coupling_between_objects": 2,
      "incoming_dependencies": 0,
      "instability": 1,
      "outgoing_dependencies": 2,
    },
  },
  "relationships": Array [
    Object {
      "fromClassName": "FunctionCalls",
      "fromNamespace": "App.CouplingExamplesOne.BlubControllerOne1",
      "fromSource": "C:\\\\Users\\\\CedrikB\\\\projects\\\\node-parser\\\\resources\\\\c-sharp\\\\coupling-examples\\\\BlubController.cs",
      "toClassName": "FunctionCalls",
      "toNamespace": "App.CouplingExamples.Library.FunctionCalls",
      "toSource": "C:\\\\Users\\\\CedrikB\\\\projects\\\\node-parser\\\\resources\\\\c-sharp\\\\coupling-examples\\\\Library\\\\FunctionCalls.cs",
      "usageType": "usage",
    },
    Object {
      "fromClassName": "FunctionCalls",
      "fromNamespace": "App.CouplingExamplesOne.BlubControllerOne1",
      "fromSource": "C:\\\\Users\\\\CedrikB\\\\projects\\\\node-parser\\\\resources\\\\c-sharp\\\\coupling-examples\\\\BlubController.cs",
      "toClassName": "FunctionCalls",
      "toNamespace": "App.CouplingExamples.Library.FunctionCalls",
      "toSource": "C:\\\\Users\\\\CedrikB\\\\projects\\\\node-parser\\\\resources\\\\c-sharp\\\\coupling-examples\\\\Library\\\\FunctionCalls.cs",
      "usageType": "usage",
    },
    Object {
      "fromClassName": "ParameterTypes",
      "fromNamespace": "App.CouplingExamples.Library.FunctionCalls",
      "fromSource": "C:\\\\Users\\\\CedrikB\\\\projects\\\\node-parser\\\\resources\\\\c-sharp\\\\coupling-examples\\\\Library\\\\FunctionCalls.cs",
      "toClassName": "ParameterTypes",
      "toNamespace": "App.CouplingExamples.Library.ParameterTypes",
      "toSource": "C:\\\\Users\\\\CedrikB\\\\projects\\\\node-parser\\\\resources\\\\c-sharp\\\\coupling-examples\\\\Library\\\\ParameterTypes.cs",
      "usageType": "usage",
    },
    Object {
      "fromClassName": "BlubControllerTwo1",
      "fromNamespace": "App.CouplingExamples.Library.FunctionCalls",
      "fromSource": "C:\\\\Users\\\\CedrikB\\\\projects\\\\node-parser\\\\resources\\\\c-sharp\\\\coupling-examples\\\\Library\\\\FunctionCalls.cs",
      "toClassName": "BlubControllerTwo1",
      "toNamespace": "App.CouplingExamplesTwo.BlubControllerTwo1",
      "toSource": "C:\\\\Users\\\\CedrikB\\\\projects\\\\node-parser\\\\resources\\\\c-sharp\\\\coupling-examples\\\\BlubController.cs",
      "usageType": "usage",
    },
    Object {
      "fromClassName": "BlubControllerOne1",
      "fromNamespace": "App.CouplingExamples.Library.FunctionCalls",
      "fromSource": "C:\\\\Users\\\\CedrikB\\\\projects\\\\node-parser\\\\resources\\\\c-sharp\\\\coupling-examples\\\\Library\\\\FunctionCalls.cs",
      "toClassName": "BlubControllerOne1",
      "toNamespace": "App.CouplingExamplesOne.BlubControllerOne1",
      "toSource": "C:\\\\Users\\\\CedrikB\\\\projects\\\\node-parser\\\\resources\\\\c-sharp\\\\coupling-examples\\\\BlubController.cs",
      "usageType": "usage",
    },
    Object {
      "fromClassName": "BlubControllerOne2",
      "fromNamespace": "App.CouplingExamples.Library.FunctionCalls",
      "fromSource": "C:\\\\Users\\\\CedrikB\\\\projects\\\\node-parser\\\\resources\\\\c-sharp\\\\coupling-examples\\\\Library\\\\FunctionCalls.cs",
      "toClassName": "BlubControllerOne2",
      "toNamespace": "App.CouplingExamplesOne.BlubControllerOne2",
      "toSource": "C:\\\\Users\\\\CedrikB\\\\projects\\\\node-parser\\\\resources\\\\c-sharp\\\\coupling-examples\\\\BlubController.cs",
      "usageType": "usage",
    },
    Object {
      "fromClassName": "IAnotherParameterTypes",
      "fromNamespace": "App.CouplingExamples.Library.IParameterTypes",
      "fromSource": "C:\\\\Users\\\\CedrikB\\\\projects\\\\node-parser\\\\resources\\\\c-sharp\\\\coupling-examples\\\\Library\\\\IParameterTypes.cs",
      "toClassName": "IAnotherParameterTypes",
      "toNamespace": "App.CouplingExamples.Library.IAnotherParameterTypes",
      "toSource": "C:\\\\Users\\\\CedrikB\\\\projects\\\\node-parser\\\\resources\\\\c-sharp\\\\coupling-examples\\\\Library\\\\IAnotherParameterTypes.cs",
      "usageType": "implements",
    },
    Object {
      "fromClassName": "BlubControllerOne1",
      "fromNamespace": "App.CouplingExamples.Library.ObjectCreations",
      "fromSource": "C:\\\\Users\\\\CedrikB\\\\projects\\\\node-parser\\\\resources\\\\c-sharp\\\\coupling-examples\\\\Library\\\\ObjectCreations.cs",
      "toClassName": "BlubControllerOne1",
      "toNamespace": "App.CouplingExamplesOne.BlubControllerOne1",
      "toSource": "C:\\\\Users\\\\CedrikB\\\\projects\\\\node-parser\\\\resources\\\\c-sharp\\\\coupling-examples\\\\BlubController.cs",
      "usageType": "usage",
    },
    Object {
      "fromClassName": "BlubControllerOne2",
      "fromNamespace": "App.CouplingExamples.Library.ObjectCreations",
      "fromSource": "C:\\\\Users\\\\CedrikB\\\\projects\\\\node-parser\\\\resources\\\\c-sharp\\\\coupling-examples\\\\Library\\\\ObjectCreations.cs",
      "toClassName": "BlubControllerOne2",
      "toNamespace": "App.CouplingExamplesOne.BlubControllerOne2",
      "toSource": "C:\\\\Users\\\\CedrikB\\\\projects\\\\node-parser\\\\resources\\\\c-sharp\\\\coupling-examples\\\\BlubController.cs",
      "usageType": "usage",
    },
    Object {
      "fromClassName": "BlubControllerTwo1",
      "fromNamespace": "App.CouplingExamples.Library.ObjectCreations",
      "fromSource": "C:\\\\Users\\\\CedrikB\\\\projects\\\\node-parser\\\\resources\\\\c-sharp\\\\coupling-examples\\\\Library\\\\ObjectCreations.cs",
      "toClassName": "BlubControllerTwo1",
      "toNamespace": "App.CouplingExamplesTwo.BlubControllerTwo1",
      "toSource": "C:\\\\Users\\\\CedrikB\\\\projects\\\\node-parser\\\\resources\\\\c-sharp\\\\coupling-examples\\\\BlubController.cs",
      "usageType": "usage",
    },
    Object {
      "fromClassName": "BlubControllerTwo2",
      "fromNamespace": "App.CouplingExamples.Library.ObjectCreations",
      "fromSource": "C:\\\\Users\\\\CedrikB\\\\projects\\\\node-parser\\\\resources\\\\c-sharp\\\\coupling-examples\\\\Library\\\\ObjectCreations.cs",
      "toClassName": "BlubControllerTwo2",
      "toNamespace": "App.CouplingExamplesTwo.BlubControllerTwo2",
      "toSource": "C:\\\\Users\\\\CedrikB\\\\projects\\\\node-parser\\\\resources\\\\c-sharp\\\\coupling-examples\\\\BlubController.cs",
      "usageType": "usage",
    },
    Object {
      "fromClassName": "ObjectCreations",
      "fromNamespace": "App.CouplingExamples.Library.ParameterTypes",
      "fromSource": "C:\\\\Users\\\\CedrikB\\\\projects\\\\node-parser\\\\resources\\\\c-sharp\\\\coupling-examples\\\\Library\\\\ParameterTypes.cs",
      "toClassName": "ObjectCreations",
      "toNamespace": "App.CouplingExamples.Library.ObjectCreations",
      "toSource": "C:\\\\Users\\\\CedrikB\\\\projects\\\\node-parser\\\\resources\\\\c-sharp\\\\coupling-examples\\\\Library\\\\ObjectCreations.cs",
      "usageType": "usage",
    },
    Object {
      "fromClassName": "FunctionCalls",
      "fromNamespace": "App.CouplingExamples.Library.ParameterTypes",
      "fromSource": "C:\\\\Users\\\\CedrikB\\\\projects\\\\node-parser\\\\resources\\\\c-sharp\\\\coupling-examples\\\\Library\\\\ParameterTypes.cs",
      "toClassName": "FunctionCalls",
      "toNamespace": "App.CouplingExamples.Library.FunctionCalls",
      "toSource": "C:\\\\Users\\\\CedrikB\\\\projects\\\\node-parser\\\\resources\\\\c-sharp\\\\coupling-examples\\\\Library\\\\FunctionCalls.cs",
      "usageType": "usage",
    },
    Object {
      "fromClassName": "ParameterTypes",
      "fromNamespace": "App.CouplingExamples.Library.ParameterTypesSpecialized",
      "fromSource": "C:\\\\Users\\\\CedrikB\\\\projects\\\\node-parser\\\\resources\\\\c-sharp\\\\coupling-examples\\\\Library\\\\ParameterTypesSpecialized.cs",
      "toClassName": "ParameterTypes",
      "toNamespace": "App.CouplingExamples.Library.ParameterTypes",
      "toSource": "C:\\\\Users\\\\CedrikB\\\\projects\\\\node-parser\\\\resources\\\\c-sharp\\\\coupling-examples\\\\Library\\\\ParameterTypes.cs",
      "usageType": "implements",
    },
    Object {
      "fromClassName": "IParameterTypes",
      "fromNamespace": "App.CouplingExamples.Library.ParameterTypesSpecialized",
      "fromSource": "C:\\\\Users\\\\CedrikB\\\\projects\\\\node-parser\\\\resources\\\\c-sharp\\\\coupling-examples\\\\Library\\\\ParameterTypesSpecialized.cs",
      "toClassName": "IParameterTypes",
      "toNamespace": "App.CouplingExamples.Library.IParameterTypes",
      "toSource": "C:\\\\Users\\\\CedrikB\\\\projects\\\\node-parser\\\\resources\\\\c-sharp\\\\coupling-examples\\\\Library\\\\IParameterTypes.cs",
      "usageType": "implements",
    },
  ],
}
`;

exports[`GenericParser parsing PHP dependencies should calculate the right dependencies and coupling metrics 1`] = `
Object {
  "metrics": Map {
    "C:\\\\Users\\\\CedrikB\\\\projects\\\\node-parser\\\\resources\\\\php\\\\coupling-examples\\\\AnotherController.php" => Object {
      "coupling_between_objects": 4,
      "incoming_dependencies": 0,
      "instability": 1,
      "outgoing_dependencies": 4,
    },
    "C:\\\\Users\\\\CedrikB\\\\projects\\\\node-parser\\\\resources\\\\php\\\\coupling-examples\\\\Library\\\\Helper.php" => Object {
      "coupling_between_objects": 5,
      "incoming_dependencies": 4,
      "instability": 0.2,
      "outgoing_dependencies": 1,
    },
    "C:\\\\Users\\\\CedrikB\\\\projects\\\\node-parser\\\\resources\\\\php\\\\coupling-examples\\\\ControllerInterface.php" => Object {
      "coupling_between_objects": 3,
      "incoming_dependencies": 3,
      "instability": 0,
      "outgoing_dependencies": 0,
    },
    "C:\\\\Users\\\\CedrikB\\\\projects\\\\node-parser\\\\resources\\\\php\\\\coupling-examples\\\\FastControllerInterface.php" => Object {
      "coupling_between_objects": 3,
      "incoming_dependencies": 1,
      "instability": 0.6666666666666666,
      "outgoing_dependencies": 2,
    },
    "C:\\\\Users\\\\CedrikB\\\\projects\\\\node-parser\\\\resources\\\\php\\\\coupling-examples\\\\BlubController.php" => Object {
      "coupling_between_objects": 6,
      "incoming_dependencies": 2,
      "instability": 0.6666666666666666,
      "outgoing_dependencies": 4,
    },
    "C:\\\\Users\\\\CedrikB\\\\projects\\\\node-parser\\\\resources\\\\php\\\\coupling-examples\\\\AnotherControllerInterface.php" => Object {
      "coupling_between_objects": 1,
      "incoming_dependencies": 1,
      "instability": 0,
      "outgoing_dependencies": 0,
    },
    "C:\\\\Users\\\\CedrikB\\\\projects\\\\node-parser\\\\resources\\\\php\\\\coupling-examples\\\\Library\\\\HelperOutput.php" => Object {
      "coupling_between_objects": 2,
      "incoming_dependencies": 1,
      "instability": 0.5,
      "outgoing_dependencies": 1,
    },
  },
  "relationships": Array [
    Object {
      "fromClassName": "Helper",
      "fromNamespace": "App\\\\CouplingExamplesOne\\\\AnotherControllerOne",
      "fromSource": "C:\\\\Users\\\\CedrikB\\\\projects\\\\node-parser\\\\resources\\\\php\\\\coupling-examples\\\\AnotherController.php",
      "toClassName": "Helper",
      "toNamespace": "App\\\\CouplingExamples\\\\Library\\\\Helper",
      "toSource": "C:\\\\Users\\\\CedrikB\\\\projects\\\\node-parser\\\\resources\\\\php\\\\coupling-examples\\\\Library\\\\Helper.php",
      "usageType": "usage",
    },
    Object {
      "fromClassName": "ControllerInterface",
      "fromNamespace": "App\\\\CouplingExamplesOne\\\\AnotherControllerOne",
      "fromSource": "C:\\\\Users\\\\CedrikB\\\\projects\\\\node-parser\\\\resources\\\\php\\\\coupling-examples\\\\AnotherController.php",
      "toClassName": "ControllerInterface",
      "toNamespace": "App\\\\ControllerInterface",
      "toSource": "C:\\\\Users\\\\CedrikB\\\\projects\\\\node-parser\\\\resources\\\\php\\\\coupling-examples\\\\ControllerInterface.php",
      "usageType": "implements",
    },
    Object {
      "fromClassName": "FastControllerInterface",
      "fromNamespace": "App\\\\CouplingExamplesOne\\\\AnotherControllerOne",
      "fromSource": "C:\\\\Users\\\\CedrikB\\\\projects\\\\node-parser\\\\resources\\\\php\\\\coupling-examples\\\\AnotherController.php",
      "toClassName": "FastControllerInterface",
      "toNamespace": "App\\\\FastControllerInterface",
      "toSource": "C:\\\\Users\\\\CedrikB\\\\projects\\\\node-parser\\\\resources\\\\php\\\\coupling-examples\\\\FastControllerInterface.php",
      "usageType": "implements",
    },
    Object {
      "fromClassName": "BlubControllerOne1",
      "fromNamespace": "App\\\\CouplingExamplesOne\\\\AnotherControllerOne",
      "fromSource": "C:\\\\Users\\\\CedrikB\\\\projects\\\\node-parser\\\\resources\\\\php\\\\coupling-examples\\\\AnotherController.php",
      "toClassName": "BlubControllerOne1",
      "toNamespace": "App\\\\CouplingExamplesOne\\\\BlubControllerOne1",
      "toSource": "C:\\\\Users\\\\CedrikB\\\\projects\\\\node-parser\\\\resources\\\\php\\\\coupling-examples\\\\BlubController.php",
      "usageType": "extends",
    },
    Object {
      "fromClassName": "Helper",
      "fromNamespace": "App\\\\CouplingExamplesOne\\\\BlubControllerOne1",
      "fromSource": "C:\\\\Users\\\\CedrikB\\\\projects\\\\node-parser\\\\resources\\\\php\\\\coupling-examples\\\\BlubController.php",
      "toClassName": "Helper",
      "toNamespace": "App\\\\CouplingExamples\\\\Library\\\\Helper",
      "toSource": "C:\\\\Users\\\\CedrikB\\\\projects\\\\node-parser\\\\resources\\\\php\\\\coupling-examples\\\\Library\\\\Helper.php",
      "usageType": "usage",
    },
    Object {
      "fromClassName": "Helper",
      "fromNamespace": "App\\\\CouplingExamplesOne\\\\BlubControllerOne1",
      "fromSource": "C:\\\\Users\\\\CedrikB\\\\projects\\\\node-parser\\\\resources\\\\php\\\\coupling-examples\\\\BlubController.php",
      "toClassName": "Helper",
      "toNamespace": "App\\\\CouplingExamples\\\\Library\\\\Helper",
      "toSource": "C:\\\\Users\\\\CedrikB\\\\projects\\\\node-parser\\\\resources\\\\php\\\\coupling-examples\\\\Library\\\\Helper.php",
      "usageType": "usage",
    },
    Object {
      "fromClassName": "ControllerInterface",
      "fromNamespace": "App\\\\CouplingExamplesOne\\\\BlubControllerOne1",
      "fromSource": "C:\\\\Users\\\\CedrikB\\\\projects\\\\node-parser\\\\resources\\\\php\\\\coupling-examples\\\\BlubController.php",
      "toClassName": "ControllerInterface",
      "toNamespace": "App\\\\ControllerInterface",
      "toSource": "C:\\\\Users\\\\CedrikB\\\\projects\\\\node-parser\\\\resources\\\\php\\\\coupling-examples\\\\ControllerInterface.php",
      "usageType": "implements",
    },
    Object {
      "fromClassName": "BlubControllerOne1",
      "fromNamespace": "App\\\\CouplingExamplesTwo\\\\BlubControllerTwo1",
      "fromSource": "C:\\\\Users\\\\CedrikB\\\\projects\\\\node-parser\\\\resources\\\\php\\\\coupling-examples\\\\BlubController.php",
      "toClassName": "BlubControllerOne1",
      "toNamespace": "App\\\\CouplingExamplesOne\\\\BlubControllerOne1",
      "toSource": "C:\\\\Users\\\\CedrikB\\\\projects\\\\node-parser\\\\resources\\\\php\\\\coupling-examples\\\\BlubController.php",
      "usageType": "extends",
    },
    Object {
      "fromClassName": "ControllerInterface",
      "fromNamespace": "App\\\\FastControllerInterface",
      "fromSource": "C:\\\\Users\\\\CedrikB\\\\projects\\\\node-parser\\\\resources\\\\php\\\\coupling-examples\\\\FastControllerInterface.php",
      "toClassName": "ControllerInterface",
      "toNamespace": "App\\\\ControllerInterface",
      "toSource": "C:\\\\Users\\\\CedrikB\\\\projects\\\\node-parser\\\\resources\\\\php\\\\coupling-examples\\\\ControllerInterface.php",
      "usageType": "implements",
    },
    Object {
      "fromClassName": "AnotherControllerInterface",
      "fromNamespace": "App\\\\FastControllerInterface",
      "fromSource": "C:\\\\Users\\\\CedrikB\\\\projects\\\\node-parser\\\\resources\\\\php\\\\coupling-examples\\\\FastControllerInterface.php",
      "toClassName": "AnotherControllerInterface",
      "toNamespace": "App\\\\AnotherControllerInterface",
      "toSource": "C:\\\\Users\\\\CedrikB\\\\projects\\\\node-parser\\\\resources\\\\php\\\\coupling-examples\\\\AnotherControllerInterface.php",
      "usageType": "implements",
    },
    Object {
      "fromClassName": "HelperOutput",
      "fromNamespace": "App\\\\CouplingExamples\\\\Library\\\\Helper",
      "fromSource": "C:\\\\Users\\\\CedrikB\\\\projects\\\\node-parser\\\\resources\\\\php\\\\coupling-examples\\\\Library\\\\Helper.php",
      "toClassName": "HelperOutput",
      "toNamespace": "App\\\\CouplingExamples\\\\Library\\\\HelperOutput",
      "toSource": "C:\\\\Users\\\\CedrikB\\\\projects\\\\node-parser\\\\resources\\\\php\\\\coupling-examples\\\\Library\\\\HelperOutput.php",
      "usageType": "usage",
    },
    Object {
      "fromClassName": "Helper",
      "fromNamespace": "App\\\\CouplingExamples\\\\Library\\\\HelperOutput",
      "fromSource": "C:\\\\Users\\\\CedrikB\\\\projects\\\\node-parser\\\\resources\\\\php\\\\coupling-examples\\\\Library\\\\HelperOutput.php",
      "toClassName": "Helper",
      "toNamespace": "App\\\\CouplingExamples\\\\Library\\\\Helper",
      "toSource": "C:\\\\Users\\\\CedrikB\\\\projects\\\\node-parser\\\\resources\\\\php\\\\coupling-examples\\\\Library\\\\Helper.php",
      "usageType": "usage",
    },
  ],
}
`;
