// Jest Snapshot v1, https://goo.gl/fbAQLP

exports[`outputMetrics writes json into file  when metrics are present 1`] = `"{"nodes":[{"name":"/file/path1.test","type":"source_code","metrics":{"metric1":42,"metric2":43}},{"name":"/file/path2.test","type":"source_code","metrics":{"metric1":44,"outgoing_dependencies":3,"incoming_dependencies":2,"instability":0.6}}],"info":[{"name":"/file/path3.unknown","type":"unsupported_file","message":"Unknown language or file extension"},{"name":"/file/noExtension","type":"unsupported_file","message":"Unknown language or file extension"},{"name":"/file/path4.error","type":"error_file","message":"Error while parsing a syntax tree for the file"},{"name":"/file/path2.test","type":"error_file","message":"Error while calculating the following metric(s) for the file: metric2"}],"relationships":[{"from":"/file/path2.test","to":"/file/path1.test","metrics":{"coupling":100}}]}"`;
