// Jest Snapshot v1, https://goo.gl/fbAQLP

exports[`outputMetrics writes json into file  when metrics are present 1`] = `"{"nodes":[{"name":"/file/path1.test","type":"File","metrics":{"metric1":42,"metric2":43}},{"name":"/file/path2.test","type":"File","metrics":{"metric1":44,"metric2":45,"outgoing_dependencies":3,"incoming_dependencies":2,"instability":0.6}}],"info":[{"name":"/file/path3.unknown","type":"File","message":"Unknown language or file extension"},{"name":"/file/noExtension","type":"File","message":"Unknown language or file extension"}],"relationships":[{"from":"/file/path2.test","to":"/file/path1.test","metrics":{"coupling":100}}]}"`;
