// Vitest Snapshot v1, https://vitest.dev/guide/snapshot.html

exports[`outputMetrics > writes json into file  > when metrics are present 1`] = `"{"nodes":[{"name":"/file/path1.test","type":"source_code","metrics":{"real_lines_of_code":42,"lines_of_code":43}},{"name":"/file/path2.test","type":"source_code","metrics":{"real_lines_of_code":44,"outgoing_dependencies":3,"incoming_dependencies":2,"instability":0.6,"coupling_between_objects":2}}],"info":[{"name":"/file/path3.unknown","type":"unsupported_file","message":"Unknown language or file extension"},{"name":"/file/noExtension","type":"unsupported_file","message":"Unknown language or file extension"},{"name":"/file/path4.error","type":"error_file","message":"Error while parsing a syntax tree for the file"},{"name":"/file/path2.test","type":"error_file","message":"Error while calculating the following metric(s) for the file: lines_of_code"}],"relationships":[{"from":"/file/path2.test","to":"/file/path1.test","metrics":{"coupling":100}}]}"`;
